track=browse stages=1000,2000,3000,3500,4000,4500,5000,6000 stage_seconds=210 -> results/20260930-1928-browse
POST     mcq quiz: start attempt                                                        38255     1(0.00%) |   2732      28    6420   4100 |   22.76        0.00
POST     mcq quiz: submit & grade                                                       37415     0(0.00%) |   3965      36   75991   4200 |   22.26        0.00
GET      mcq quiz: view                                                                 38450     1(0.00%) |   2699      27   85870   2200 |   22.87        0.00
GET      page: course                                                                  116852     7(0.01%) |   2633      22  124536   2200 |   69.51        0.00
GET      page: dashboard                                                                77363     2(0.00%) |   2709      28   91219   2300 |   46.02        0.00
GET      page: forum                                                                    38554     3(0.01%) |   2686      32   75688   2300 |   22.93        0.00
GET      page: forum thread                                                             38465     0(0.00%) |   1441      22    3063   2100 |   22.88        0.00
GET      page: reading page                                                            116145     2(0.00%) |   2581      20   78868   2100 |   69.09        0.00
--------|----------------------------------------------------------------------------|-------|-------------|-------|-------|-------|-------|--------|-----------
         Aggregated                                                                    513876   393(0.08%) |   2761       9  176337   2200 |  305.67        0.23

Response time percentiles (approximated)
Type     Name                                                                                  50%    66%    75%    80%    90%    95%    98%    99%  99.9% 99.99%   100% # reqs
--------|--------------------------------------------------------------------------------|--------|------|------|------|------|------|------|------|------|------|------|------
GET      login: form                                                                          1100   2800   3900   4200  13000 108000 133000 135000 141000 176000 176000   6414
POST     login: submit                                                                        3800   6100   6200   6300   6500   6500   6600   6700   6800   8400   8400   5963
POST     mcq quiz: start attempt                                                              4100   4200   4300   4300   4400   4400   4500   4500   4600   6000   6400  38255
POST     mcq quiz: submit & grade                                                             4200   5900   6000   6100   7100   8300  10000  14000  60000  75000  76000  37415
GET      mcq quiz: view                                                                       2200   3900   4000   4100   5100   6300   8500  12000  57000  75000  86000  38450
GET      page: course                                                                         2200   3800   3900   4000   5000   6200   8300  11000  58000  74000 125000 116852
GET      page: dashboard                                                                      2300   3900   4000   4100   5100   6300   8500  12000  58000  73000  91000  77363
GET      page: forum                                                                          2300   3900   4000   4100   5100   6300   8400  11000  57000  73000  76000  38554
GET      page: forum thread                                                                   2100   2200   2200   2200   2300   2400   2400   2400   2500   2700   3100  38465
GET      page: reading page                                                                   2100   3800   3900   3900   5000   6100   8300  11000  57000  74000  79000 116145
--------|--------------------------------------------------------------------------------|--------|------|------|------|------|------|------|------|------|------|------|------
         Aggregated                                                                           2200   3800   4000   4100   5300   6300   8400  11000  72000 135000 176000 513876

Error report
# occurrences      Error                                                                                               
------------------|---------------------------------------------------------------------------------------------------------------------------------------------
243                GET login: form: RemoteDisconnected('Remote end closed connection without response')                
7                  GET page: course: 'bounced to login page (session lost)'                                            
2                  GET page: reading page: 'bounced to login page (session lost)'                                      
2                  GET page: dashboard: 'bounced to login page (session lost)'                                         
3                  GET page: forum: 'bounced to login page (session lost)'                                             
1                  GET mcq quiz: view: 'bounced to login page (session lost)'                                          
1                  POST mcq quiz: start attempt: 'HTTP 404'                                                            
134                GET login: form: ConnectionResetError(104, 'Connection reset by peer')                              
------------------|---------------------------------------------------------------------------------------------------------------------------------------------

